AES_ENCRYPTED_FILE
ltjgCdz9te4jKRKIEvyhVWdBQUFBQUJvdkM2NTQ1WE1kWmtTZ0I2dFR4MjVmaVVUam1BckpwakpQcGdTcFp6clFPOFRNdm8wRlE5NmVlMV8wUzl2dWlDRWhxcEItaGVubEx2R3ZESGR4SE9CdUFEZ3RfbzREZkRwanlVNWJlMWNzQkl2US1mUTZ2Z1RuTVdZOXJKcW5pODdEamxxeEZSd1NZdjJ2MDAxaUt1cW5MLWpRWjBDTE01NEJ5RFMzNzE4VFpUb29mbDVnSTI0NE5ERWI4Y2xkTW5iY3NSTkdnS2hEUVlKMnhFZzcxbVc5b2xUM1cyUzFER0ZGMEZPMUpPbzR3b3U5MUR3QzVMaFdVRVBiSGN4TERocDgzMlJubjhHM0ptcHdndF9HcmF5STRTUkJjVjNBVTN2RHdELXpVNGNTV2lFekVlU0VCVHpMcHRoczFFRXBqSXFTVFpRS2ZqbmVjWXRQcHMwVmdoYkhZaWhXM1J5VmU0LUtiMi1fSTRsaldvanFFZXlIYmhRVVlkV0FaUUxaQndBeGJVZg==